// Jest Snapshot v1, https://goo.gl/fbAQLP

exports[`sum testing add 1 + 2 equal 3 1`] = `3`;
